{"kind":"unauthorized_request","value":"you need to authenticate to a take lock"}
