{"kind":"invalid_fleetlock_header","value":"'fleet-lock-protocol' header must be set to 'true'"}
