{"kind":"failed_lock","value":"all slots are taken"}
