{"kind":"unauthorized_request","value":"you need to authenticate to acquire or release a lock"}
