{"kind":"empty_fleetlock_body","value":"body is empty"}
